[Map]
Version=dmsMap 2.6.331
Window=-120,-465,28980,14775,-1
ZoomExtent=166707.133028984,756069.103,301465.688032321,830399.58380782
BorderStyle=0
Transparent=0
Text=Jakarta
ForeColor=0
BackColor=FFFFFF
FontName=MS Serif
FontSize=6
FontBold=0
FontItalic=0
FontUnderLine=0
FontStrikethru=0
UnitMeter=1
DataThematic=-1

[Legend]
Visible=0
BorderStyle=1
Transparent=-2
Position=166707.133028984,830399.58380782
Text=
ForeColor=0
BackColor=FFFFFF
FontName=MS Serif
FontSize=8.25
FontBold=0
FontItalic=0
FontUnderLine=0
FontStrikethru=0

[Title]
Visible=0
BorderStyle=0
Transparent=0
Position=166707.133028984,830399.58380782
Text=Titel
ForeColor=0
BackColor=FFFFFF
FontName=Arial
FontSize=12
FontBold=0
FontItalic=0
FontUnderLine=0
FontStrikethru=0

[Info]
Visible=0
BorderStyle=0
Transparent=0
Position=180680.339962546,816669.749773255
Text=
ForeColor=0
BackColor=FFFFFF
FontName=Arial
FontSize=6
FontBold=0
FontItalic=0
FontUnderLine=0
FontStrikethru=0

[Layer1]
Path=Background.jpg
Name=
Visible=-1
Selectable=0
InLegend=0
Transparency=-999
MinScale=0
MaxScale=0

[Layer2]
Path=.\GIS\ASC\DKI_LIDAR_ADJUSTED_TM3_100M.ASC
Name=dki_lidar_adjusted_tm3_100m
Visible=0
Selectable=0
InLegend=0
Transparency=-999
MinScale=0
MaxScale=0
LineStyle=5
LineColor=0
LineWidth=1
FillStyle=1
FillColor=0

[Layer2:Thematic:ZData]
DataType=ZDATA
Visible=-1
Smooth=0
Transparency=0
ShadeVersion=20
ShadeEnabled=0
ShadeInUse=-1
ShadeAltitude=30
ShadeAzimuth=315
ShadeCombine=0
ShadeColorDarkening=0
ShadeColorLightening=0
ShadeShading=0
ShadeFirstIndex=1
ShadeMidIndex=30
ShadeMidIndexAutomatic=0
ShadeLastIndex=128
ShadeMinIntensity=.5
ShadeMidIntensity=1
ShadeMaxIntensity=1.5
ShadeNrOfClasses=128
ShadeScaleAutomatic=0
ShadeScaleFactor=.001
ShadeScaleMultiplier=1
IsoEnabled=0
IsoStepRange=1
IsoLineColor=0
IsoLineStyle=0
IsoLineWidth=1
IsoLineUseRangeColor=0
IsoLineUseRangeWidth=0
IsoLineMaxRangeWidth=10
IsoLabelVisible=-1
IsoLabelDistance=.25
IsoLabelDistanceStart=0
IsoLabelAllLines=0
IsoLabelUseRangeColor=0
IsoLabelAngleBaseLine=0
IsoLabelAngleCharacters=0
IsoLabelBold=0
IsoLabelColor=0
IsoLabelItalic=0
IsoLabelName=Arial
IsoLabelSize=10
IsoLabelStrikethru=0
IsoLabelTransparent=-1
IsoLabelUnderline=0
Version=3.00
ClassificationType=0
ClassificationFlipped=0
ColorScheme=1
ColorSchemeFlipped=0
ClassifyOptions=0
MinValue=-11.9053
MaxValue=73.5773
StepValue=8.54826
MissingValueEnabled=0
MissingValueColor=C0FFFF
MissingValueInLegend=0
MissingValueMin=-999.999
MissingValueMax=-999.99
MissingValueTransparent=0
NoDataValueEnabled=-1
NoDataValueColor=FFFF
NoDataValueInLegend=0
NoDataValueMin=-9999
NoDataValueMax=-9999
NoDataValueTransparent=-1
ZeroValueEnabled=0
ZeroValueColor=80FFFF
ZeroValueInLegend=0
ZeroValueMin=.0001
ZeroValueMax=.0001
ZeroValueTransparent=0
ShowSeriesInLegend=0
ValueFormat="0.00"
RangeFormat=0
RangeSizeFirst=2
RangeSizeLast=40
Transparency=0
OutOfRangeAsMissing=0
Ranges=10
Range0=-11.9053,0,""
Range1=-3.35704,E1EEFE,"<= -3.36"
Range2=5.19122,B8D7FE,"> -3.36"
Range3=13.73948,8FC1FE,"> 5.19"
Range4=22.28774,66AAFE,"> 13.74"
Range5=30.836,3D93FE,"> 22.29"
Range6=39.38426,2480F1,"> 30.84"
Range7=47.93252,1B6FD6,"> 39.38"
Range8=56.48078,125EBB,"> 47.93"
Range9=65.02904,94DA1,"> 56.48"
Range10=73.5773,3C86,"> 65.03"
RangesFixed=0
ColorsFixed=0

[Layer3]
Path=.\GIS\ASC\SOBEKDEMS3I.ASC
Name=sobekdems3i
Visible=0
Selectable=0
InLegend=0
Transparency=-999
MinScale=0
MaxScale=0
LineStyle=5
LineColor=0
LineWidth=1
FillStyle=1
FillColor=0

[Layer3:Thematic:ZData]
DataType=ZDATA
Visible=-1
Smooth=0
Transparency=0
ShadeVersion=20
ShadeEnabled=0
ShadeInUse=-1
ShadeAltitude=30
ShadeAzimuth=315
ShadeCombine=0
ShadeColorDarkening=0
ShadeColorLightening=0
ShadeShading=0
ShadeFirstIndex=1
ShadeMidIndex=30
ShadeMidIndexAutomatic=0
ShadeLastIndex=128
ShadeMinIntensity=.5
ShadeMidIntensity=1
ShadeMaxIntensity=1.5
ShadeNrOfClasses=128
ShadeScaleAutomatic=0
ShadeScaleFactor=.001
ShadeScaleMultiplier=1
IsoEnabled=0
IsoStepRange=1
IsoLineColor=0
IsoLineStyle=0
IsoLineWidth=1
IsoLineUseRangeColor=0
IsoLineUseRangeWidth=0
IsoLineMaxRangeWidth=10
IsoLabelVisible=-1
IsoLabelDistance=.25
IsoLabelDistanceStart=0
IsoLabelAllLines=0
IsoLabelUseRangeColor=0
IsoLabelAngleBaseLine=0
IsoLabelAngleCharacters=0
IsoLabelBold=0
IsoLabelColor=0
IsoLabelItalic=0
IsoLabelName=Arial
IsoLabelSize=10
IsoLabelStrikethru=0
IsoLabelTransparent=-1
IsoLabelUnderline=0
Version=3.00
ClassificationType=0
ClassificationFlipped=0
ColorScheme=1
ColorSchemeFlipped=0
ClassifyOptions=0
MinValue=-2
MaxValue=3007
StepValue=300.9
MissingValueEnabled=0
MissingValueColor=C0FFFF
MissingValueInLegend=0
MissingValueMin=-999.999
MissingValueMax=-999.99
MissingValueTransparent=0
NoDataValueEnabled=-1
NoDataValueColor=FFFF
NoDataValueInLegend=0
NoDataValueMin=-9999
NoDataValueMax=-9999
NoDataValueTransparent=-1
ZeroValueEnabled=0
ZeroValueColor=80FFFF
ZeroValueInLegend=0
ZeroValueMin=.0001
ZeroValueMax=.0001
ZeroValueTransparent=0
ShowSeriesInLegend=0
ValueFormat="0.00"
RangeFormat=0
RangeSizeFirst=2
RangeSizeLast=40
Transparency=0
OutOfRangeAsMissing=0
Ranges=10
Range0=-2,0,""
Range1=298.9,E1EEFE,"<= 298.90"
Range2=599.8,B8D7FE,"> 298.90"
Range3=900.7,8FC1FE,"> 599.80"
Range4=1201.6,66AAFE,"> 900.70"
Range5=1502.5,3D93FE,"> 1201.60"
Range6=1803.4,2480F1,"> 1502.50"
Range7=2104.3,1B6FD6,"> 1803.40"
Range8=2405.2,125EBB,"> 2104.30"
Range9=2706.1,94DA1,"> 2405.20"
Range10=3007,3C86,"> 2706.10"
RangesFixed=0
ColorsFixed=0

[Layer4]
Path=WATERSHEDS_FEWS_20150223.SHP
Name=Watersheds_FEWS_20150223
Visible=-1
Selectable=-1
InLegend=-1
Transparency=-999
MinScale=0
MaxScale=0
LineStyle=0
LineColor=0
LineWidth=0
FillStyle=0
FillColor=80FF80
LabelScale=0
FontAngleBaseLine=0
FontAngleCharacters=0
FontBold=0
FontColor=0
FontItalic=0
FontName=Arial
FontSize=10
FontStrikethru=0
FontTransparent=-1
FontUnderline=0
LabelBorderFillStyle=0
LabelBorderFillColor=FFFF
LabelBorderLineStyle=0
LabelBorderLineColor=0
LabelBorderLineWidth=1
LabelBorderStyle=0
AvoidOverlap=0
PointStyle=71
PointLabelStyle=0
PointSize=0
PointCharacter=164
PointAngleBaseLine=0
PointFontName=Wingdings

[Layer5]
Path=WL_STATIONS_TM3.SHP
Name=L_Stations_TM3.shp
Visible=0
Selectable=0
InLegend=-1
Transparency=-999
MinScale=0
MaxScale=0
LineStyle=0
LineColor=0
LineWidth=0
FillStyle=0
FillColor=8000FF
LabelScale=0
FontAngleBaseLine=0
FontAngleCharacters=0
FontBold=0
FontColor=0
FontItalic=0
FontName=Arial
FontSize=10
FontStrikethru=0
FontTransparent=-1
FontUnderline=0
LabelBorderFillStyle=0
LabelBorderFillColor=FFFF
LabelBorderLineStyle=0
LabelBorderLineColor=0
LabelBorderLineWidth=1
LabelBorderStyle=0
AvoidOverlap=0
PointStyle=71
PointLabelStyle=0
PointSize=-24
PointCharacter=164
PointAngleBaseLine=0
PointFontName=Wingdings

[Layer6]
Path=..\..\..\PROJECTEN\INDONESIE\NCICD\NCICD-FEB2018\VANBASTIEN\SBK_PUMP_N.SHP
Name=pompen
Visible=0
Selectable=0
InLegend=-1
Transparency=-999
MinScale=0
MaxScale=0
LineStyle=0
LineColor=0
LineWidth=0
FillStyle=0
FillColor=FF00FF
LabelScale=0
FontAngleBaseLine=0
FontAngleCharacters=0
FontBold=0
FontColor=0
FontItalic=0
FontName=Arial
FontSize=10
FontStrikethru=0
FontTransparent=-1
FontUnderline=0
LabelBorderFillStyle=0
LabelBorderFillColor=FFFF
LabelBorderLineStyle=0
LabelBorderLineColor=0
LabelBorderLineWidth=1
LabelBorderStyle=0
AvoidOverlap=0
PointStyle=71
PointLabelStyle=0
PointSize=-20
PointCharacter=164
PointAngleBaseLine=0
PointFontName=Wingdings

[Layer7]
Path=..\..\..\PROJECTEN\INDONESIE\NCICD\NCICD-FEB2018\VANTATI-PUSAIR\PUMPS2_TM3.SHP
Name=D:\Projecten\Indonesie\NCICD\NCICD-Feb2018\VanTati-PusAir\pumps2_TM3.shp
Visible=0
Selectable=0
InLegend=-1
Transparency=-999
MinScale=0
MaxScale=0
LineStyle=0
LineColor=0
LineWidth=0
FillStyle=0
FillColor=FF00FF
LabelScale=0
FontAngleBaseLine=0
FontAngleCharacters=0
FontBold=0
FontColor=0
FontItalic=0
FontName=Arial
FontSize=10
FontStrikethru=0
FontTransparent=-1
FontUnderline=0
LabelBorderFillStyle=0
LabelBorderFillColor=FFFF
LabelBorderLineStyle=0
LabelBorderLineColor=0
LabelBorderLineWidth=1
LabelBorderStyle=0
AvoidOverlap=0
PointStyle=71
PointLabelStyle=65
PointSize=-24
PointCharacter=164
PointAngleBaseLine=0
PointFontName=Wingdings

[Layer8]
Path=LANDUSE_JAKARTA_CATCHMENT_TM3.SHP
Name=Landuse_Jakarta_catchment_TM3.shp
Visible=-1
Selectable=-1
InLegend=-1
Transparency=-999
MinScale=0
MaxScale=0
LineStyle=0
LineColor=0
LineWidth=0
FillStyle=0
FillColor=FFFF
LabelScale=0
FontAngleBaseLine=0
FontAngleCharacters=0
FontBold=0
FontColor=0
FontItalic=0
FontName=Arial
FontSize=10
FontStrikethru=0
FontTransparent=-1
FontUnderline=0
LabelBorderFillStyle=0
LabelBorderFillColor=FFFF
LabelBorderLineStyle=0
LabelBorderLineColor=0
LabelBorderLineWidth=1
LabelBorderStyle=0
AvoidOverlap=0
PointStyle=71
PointLabelStyle=0
PointSize=0
PointCharacter=164
PointAngleBaseLine=0
PointFontName=Wingdings

[Layer9]
Path=LU_JAKARTA_TM3_2009.SHP
Name=LU_Jakarta_TM3_2009.shp
Visible=-1
Selectable=-1
InLegend=-1
Transparency=-999
MinScale=0
MaxScale=0
LineStyle=0
LineColor=0
LineWidth=0
FillStyle=0
FillColor=FF80FF
LabelScale=0
FontAngleBaseLine=0
FontAngleCharacters=0
FontBold=0
FontColor=0
FontItalic=0
FontName=Arial
FontSize=10
FontStrikethru=0
FontTransparent=-1
FontUnderline=0
LabelBorderFillStyle=0
LabelBorderFillColor=FFFF
LabelBorderLineStyle=0
LabelBorderLineColor=0
LabelBorderLineWidth=1
LabelBorderStyle=0
AvoidOverlap=0
PointStyle=71
PointLabelStyle=0
PointSize=0
PointCharacter=164
PointAngleBaseLine=0
PointFontName=Wingdings

[Layer10]
Path=LU_JABAR_TM3_2009.SHP
Name=LU_Jabar_TM3_2009.shp
Visible=0
Selectable=-1
InLegend=-1
Transparency=-999
MinScale=0
MaxScale=0
LineStyle=0
LineColor=0
LineWidth=0
FillStyle=0
FillColor=8080FF
LabelScale=0
FontAngleBaseLine=0
FontAngleCharacters=0
FontBold=0
FontColor=0
FontItalic=0
FontName=Arial
FontSize=10
FontStrikethru=0
FontTransparent=-1
FontUnderline=0
LabelBorderFillStyle=0
LabelBorderFillColor=FFFF
LabelBorderLineStyle=0
LabelBorderLineColor=0
LabelBorderLineWidth=1
LabelBorderStyle=0
AvoidOverlap=0
PointStyle=71
PointLabelStyle=0
PointSize=0
PointCharacter=164
PointAngleBaseLine=0
PointFontName=Wingdings

[Layer11]
Path=LU_BANTEN_TM3_2009.SHP
Name=LU_Banten_TM3_2009.shp
Visible=0
Selectable=0
InLegend=-1
Transparency=-999
MinScale=0
MaxScale=0
LineStyle=0
LineColor=0
LineWidth=0
FillStyle=0
FillColor=C080FF
LabelScale=0
FontAngleBaseLine=0
FontAngleCharacters=0
FontBold=0
FontColor=0
FontItalic=0
FontName=Arial
FontSize=10
FontStrikethru=0
FontTransparent=-1
FontUnderline=0
LabelBorderFillStyle=0
LabelBorderFillColor=FFFF
LabelBorderLineStyle=0
LabelBorderLineColor=0
LabelBorderLineWidth=1
LabelBorderStyle=0
AvoidOverlap=0
PointStyle=71
PointLabelStyle=0
PointSize=0
PointCharacter=164
PointAngleBaseLine=0
PointFontName=Wingdings

