[Map]
Version=dmsMap 2.6.331
Window=-120,-450,10185,10005,-1
ZoomExtent=529455.888569745,9246963.60948195,529790.278817433,9247424.22651188
BorderStyle=0
Transparent=0
Text=Bakground
ForeColor=0
BackColor=FFFF80
FontName=MS Serif
FontSize=6
FontBold=0
FontItalic=0
FontUnderLine=0
FontStrikethru=0
UnitMeter=1
DataThematic=-1

[Legend]
Visible=0
BorderStyle=1
Transparent=-2
Position=529455.888569745,9247424.22651188
Text=
ForeColor=0
BackColor=FFFFFF
FontName=MS Serif
FontSize=6.75
FontBold=0
FontItalic=0
FontUnderLine=0
FontStrikethru=0

[Title]
Visible=0
BorderStyle=0
Transparent=0
Position=529455.888569745,9247424.22651188
Text=Titel
ForeColor=0
BackColor=FFFFFF
FontName=Arial
FontSize=12
FontBold=0
FontItalic=0
FontUnderLine=0
FontStrikethru=0

[Info]
Visible=0
BorderStyle=0
Transparent=0
Position=529463.253993703,9247348.31682535
Text=
ForeColor=0
BackColor=FFFFFF
FontName=Arial
FontSize=6
FontBold=0
FontItalic=0
FontUnderLine=0
FontStrikethru=0

[Layer1]
Path=OSM_BW_BACKGROUND_300DPI.JPG
Name=
Visible=0
Selectable=0
InLegend=0
Transparency=-999
MinScale=0
MaxScale=0

[Layer2]
Path=SATTELITE2.JPG
Name=
Visible=-1
Selectable=0
InLegend=0
Transparency=-999
MinScale=0
MaxScale=0

[Layer3]
Path=SOBEK_RIVER_EMBANKMENTLINES.SHP
Name=D:\SB2_16\DS_ref.lit\FIXED\SOBEK_River_embankmentlines.shp
Visible=0
Selectable=-1
InLegend=-1
Transparency=-999
MinScale=0
MaxScale=0
LineStyle=0
LineColor=FF00FF
LineWidth=0
FillStyle=1
FillColor=FFFF
LabelScale=0
FontAngleBaseLine=0
FontAngleCharacters=0
FontBold=0
FontColor=0
FontItalic=0
FontName=Arial
FontSize=10
FontStrikethru=0
FontTransparent=-1
FontUnderline=0
LabelBorderFillStyle=0
LabelBorderFillColor=FFFF
LabelBorderLineStyle=0
LabelBorderLineColor=0
LabelBorderLineWidth=1
LabelBorderStyle=0
AvoidOverlap=0
PointStyle=71
PointLabelStyle=0
PointSize=0
PointCharacter=164
PointAngleBaseLine=0
PointFontName=Wingdings

[Layer4]
Path=WETLANDS_OSM_EPSG32737.SHP
Name=D:\SB2_16\DS_ref.lit\FIXED\Wetlands_OSM_EPSG32737.shp
Visible=0
Selectable=-1
InLegend=-1
Transparency=-999
MinScale=0
MaxScale=0
LineStyle=0
LineColor=FFFF40
LineWidth=0
FillStyle=4
FillColor=FFFFC1
LabelScale=0
FontAngleBaseLine=0
FontAngleCharacters=0
FontBold=0
FontColor=0
FontItalic=0
FontName=Arial
FontSize=10
FontStrikethru=0
FontTransparent=-1
FontUnderline=0
LabelBorderFillStyle=0
LabelBorderFillColor=FFFF
LabelBorderLineStyle=0
LabelBorderLineColor=0
LabelBorderLineWidth=1
LabelBorderStyle=0
AvoidOverlap=0
PointStyle=71
PointLabelStyle=0
PointSize=0
PointCharacter=164
PointAngleBaseLine=0
PointFontName=Wingdings

[Layer5]
Path=SOBEK_BRIDGES.SHP
Name=D:\SB2_16\DS_ref.lit\FIXED\SOBEK_bridges.shp
Visible=0
Selectable=-1
InLegend=-1
Transparency=-999
MinScale=0
MaxScale=0
LineStyle=0
LineColor=0
LineWidth=0
FillStyle=0
FillColor=FF
LabelScale=0
FontAngleBaseLine=0
FontAngleCharacters=0
FontBold=0
FontColor=FF
FontItalic=0
FontName=Arial
FontSize=24
FontStrikethru=0
FontTransparent=-1
FontUnderline=0
LabelBorderFillStyle=0
LabelBorderFillColor=FFFF
LabelBorderLineStyle=0
LabelBorderLineColor=0
LabelBorderLineWidth=1
LabelBorderStyle=0
AvoidOverlap=0
PointStyle=71
PointLabelStyle=67
PointSize=-24
PointCharacter=164
PointAngleBaseLine=0
PointFontName=Wingdings

[Layer6]
Path=..\..\..\00000000 DAR ES SALAAM\004. GIS\B. SHAPEFILES\SOBEK\C20180306\SBK_PROF_N.SHP
Name=D:\00000000 Dar Es Salaam\004. GIS\B. Shapefiles\SOBEK\c20180306\Sbk_Prof_n.shp
Visible=0
Selectable=-1
InLegend=-1
Transparency=-999
MinScale=0
MaxScale=0
LineStyle=0
LineColor=0
LineWidth=0
FillStyle=0
FillColor=FFFF
LabelScale=0
FontAngleBaseLine=0
FontAngleCharacters=0
FontBold=0
FontColor=0
FontItalic=0
FontName=Arial
FontSize=10
FontStrikethru=0
FontTransparent=-1
FontUnderline=0
LabelBorderFillStyle=0
LabelBorderFillColor=FFFF
LabelBorderLineStyle=0
LabelBorderLineColor=0
LabelBorderLineWidth=1
LabelBorderStyle=0
AvoidOverlap=0
PointStyle=71
PointLabelStyle=0
PointSize=-36
PointCharacter=164
PointAngleBaseLine=0
PointFontName=Wingdings

[Layer7]
Path=INTERVENTIONS_A_AND_C.SHP
Name=D:\SB2_16\DS_ref2.lit\FIXED\Interventions_A_and_C.shp
Visible=0
Selectable=-1
InLegend=-1
Transparency=-999
MinScale=0
MaxScale=0
LineStyle=0
LineColor=FF00
LineWidth=-2
FillStyle=0
FillColor=FFFF
LabelScale=0
FontAngleBaseLine=0
FontAngleCharacters=0
FontBold=0
FontColor=0
FontItalic=0
FontName=Arial
FontSize=10
FontStrikethru=0
FontTransparent=-1
FontUnderline=0
LabelBorderFillStyle=0
LabelBorderFillColor=FFFF
LabelBorderLineStyle=0
LabelBorderLineColor=0
LabelBorderLineWidth=1
LabelBorderStyle=0
AvoidOverlap=0
PointStyle=71
PointLabelStyle=0
PointSize=0
PointCharacter=164
PointAngleBaseLine=0
PointFontName=Wingdings

[Layer8]
Path=TIN2RASTER.ASC
Name=tin2raster
Visible=0
Selectable=-1
InLegend=0
Transparency=-999
MinScale=0
MaxScale=0
LineStyle=5
LineColor=0
LineWidth=1
FillStyle=1
FillColor=0

[Layer8:Thematic:ZData]
DataType=ZDATA
Visible=-1
Smooth=0
Transparency=0
ShadeVersion=20
ShadeEnabled=0
ShadeInUse=-1
ShadeAltitude=30
ShadeAzimuth=315
ShadeCombine=0
ShadeColorDarkening=0
ShadeColorLightening=0
ShadeShading=0
ShadeFirstIndex=1
ShadeMidIndex=30
ShadeMidIndexAutomatic=0
ShadeLastIndex=128
ShadeMinIntensity=.5
ShadeMidIntensity=1
ShadeMaxIntensity=1.5
ShadeNrOfClasses=128
ShadeScaleAutomatic=0
ShadeScaleFactor=.001
ShadeScaleMultiplier=1
IsoEnabled=0
IsoStepRange=1
IsoLineColor=0
IsoLineStyle=0
IsoLineWidth=1
IsoLineUseRangeColor=0
IsoLineUseRangeWidth=0
IsoLineMaxRangeWidth=10
IsoLabelVisible=-1
IsoLabelDistance=.25
IsoLabelDistanceStart=0
IsoLabelAllLines=0
IsoLabelUseRangeColor=0
IsoLabelAngleBaseLine=0
IsoLabelAngleCharacters=0
IsoLabelBold=0
IsoLabelColor=0
IsoLabelItalic=0
IsoLabelName=Arial
IsoLabelSize=10
IsoLabelStrikethru=0
IsoLabelTransparent=-1
IsoLabelUnderline=0
Version=3.00
ClassificationType=0
ClassificationFlipped=0
ColorScheme=26
ColorSchemeFlipped=0
ClassifyOptions=0
MinValue=-.54775
MaxValue=22.90647
StepValue=.3664721875
MissingValueEnabled=0
MissingValueColor=C0FFFF
MissingValueInLegend=0
MissingValueMin=-999.999
MissingValueMax=-999.99
MissingValueTransparent=0
NoDataValueEnabled=-1
NoDataValueColor=FFFF
NoDataValueInLegend=0
NoDataValueMin=-9999
NoDataValueMax=-9999
NoDataValueTransparent=-1
ZeroValueEnabled=0
ZeroValueColor=80FFFF
ZeroValueInLegend=0
ZeroValueMin=.0001
ZeroValueMax=.0001
ZeroValueTransparent=0
ShowSeriesInLegend=0
ValueFormat="0.00"
RangeFormat=0
RangeSizeFirst=2
RangeSizeLast=40
Transparency=0
OutOfRangeAsMissing=0
Ranges=64
Range0=-.54775,0,""
Range1=-.1812778125,FF0000,"<= -0.18"
Range2=.185194375,FF1000,"> -0.18"
Range3=.5516665625,FF2000,"> 0.19"
Range4=.91813875,FF3100,"> 0.55"
Range5=1.2846109375,FF4100,"> 0.92"
Range6=1.651083125,FF5100,"> 1.28"
Range7=2.0175553125,FF6100,"> 1.65"
Range8=2.3840275,FF7100,"> 2.02"
Range9=2.7504996875,FF8200,"> 2.38"
Range10=3.116971875,FF9200,"> 2.75"
Range11=3.4834440625,FFA200,"> 3.12"
Range12=3.84991625,FFB200,"> 3.48"
Range13=4.2163884375,FFC200,"> 3.85"
Range14=4.582860625,FFD200,"> 4.22"
Range15=4.9493328125,FFE300,"> 4.58"
Range16=5.315805,FFF300,"> 4.95"
Range17=5.6822771875,FBFF00,"> 5.32"
Range18=6.048749375,EBFF00,"> 5.68"
Range19=6.4152215625,DBFF00,"> 6.05"
Range20=6.78169375,CAFF00,"> 6.42"
Range21=7.1481659375,BAFF00,"> 6.78"
Range22=7.514638125,AAFF00,"> 7.15"
Range23=7.8811103125,9AFF00,"> 7.51"
Range24=8.2475825,8AFF00,"> 7.88"
Range25=8.6140546875,79FF00,"> 8.25"
Range26=8.980526875,69FF00,"> 8.61"
Range27=9.3469990625,59FF00,"> 8.98"
Range28=9.71347125,49FF00,"> 9.35"
Range29=10.0799434375,39FF00,"> 9.71"
Range30=10.446415625,28FF00,"> 10.08"
Range31=10.8128878125,18FF00,"> 10.45"
Range32=11.17936,8FF00,"> 10.81"
Range33=11.5458321875,FF08,"> 11.18"
Range34=11.912304375,FF18,"> 11.55"
Range35=12.2787765625,FF28,"> 11.91"
Range36=12.64524875,FF39,"> 12.28"
Range37=13.0117209375,FF49,"> 12.65"
Range38=13.378193125,FF59,"> 13.01"
Range39=13.7446653125,FF69,"> 13.38"
Range40=14.1111375,FF79,"> 13.74"
Range41=14.4776096875,FF8A,"> 14.11"
Range42=14.844081875,FF9A,"> 14.48"
Range43=15.2105540625,FFAA,"> 14.84"
Range44=15.57702625,FFBA,"> 15.21"
Range45=15.9434984375,FFCA,"> 15.58"
Range46=16.309970625,FFDB,"> 15.94"
Range47=16.6764428125,FFEB,"> 16.31"
Range48=17.042915,FFFB,"> 16.68"
Range49=17.4093871875,F3FF,"> 17.04"
Range50=17.775859375,E3FF,"> 17.41"
Range51=18.1423315625,D2FF,"> 17.78"
Range52=18.50880375,C2FF,"> 18.14"
Range53=18.8752759375,B2FF,"> 18.51"
Range54=19.241748125,A2FF,"> 18.88"
Range55=19.6082203125,92FF,"> 19.24"
Range56=19.9746925,82FF,"> 19.61"
Range57=20.3411646875,71FF,"> 19.97"
Range58=20.707636875,61FF,"> 20.34"
Range59=21.0741090625,51FF,"> 20.71"
Range60=21.44058125,41FF,"> 21.07"
Range61=21.8070534375,31FF,"> 21.44"
Range62=22.173525625,20FF,"> 21.81"
Range63=22.5399978125,10FF,"> 22.17"
Range64=22.90647,FF,"> 22.54"
RangesFixed=0
ColorsFixed=0

[Layer9]
Path=KIBANGU_PROFILE.SHP
Name=D:\SB2_16\DS_ref3.lit\FIXED\Kibangu_profile.shp
Visible=0
Selectable=-1
InLegend=-1
Transparency=-999
MinScale=0
MaxScale=0
LineStyle=0
LineColor=FF
LineWidth=0
FillStyle=0
FillColor=FFFF
LabelScale=0
FontAngleBaseLine=0
FontAngleCharacters=0
FontBold=0
FontColor=0
FontItalic=0
FontName=Arial
FontSize=10
FontStrikethru=0
FontTransparent=-1
FontUnderline=0
LabelBorderFillStyle=0
LabelBorderFillColor=FFFF
LabelBorderLineStyle=0
LabelBorderLineColor=0
LabelBorderLineWidth=1
LabelBorderStyle=0
AvoidOverlap=0
PointStyle=71
PointLabelStyle=0
PointSize=0
PointCharacter=164
PointAngleBaseLine=0
PointFontName=Wingdings

[Layer10]
Path=MSIMBAZI_PROFILE.SHP
Name=D:\SB2_16\DS_ref3.lit\FIXED\Msimbazi_profile.shp
Visible=0
Selectable=-1
InLegend=-1
Transparency=-999
MinScale=0
MaxScale=0
LineStyle=0
LineColor=FF
LineWidth=0
FillStyle=0
FillColor=FFFF
LabelScale=0
FontAngleBaseLine=0
FontAngleCharacters=0
FontBold=0
FontColor=0
FontItalic=0
FontName=Arial
FontSize=10
FontStrikethru=0
FontTransparent=-1
FontUnderline=0
LabelBorderFillStyle=0
LabelBorderFillColor=FFFF
LabelBorderLineStyle=0
LabelBorderLineColor=0
LabelBorderLineWidth=1
LabelBorderStyle=0
AvoidOverlap=0
PointStyle=71
PointLabelStyle=0
PointSize=0
PointCharacter=164
PointAngleBaseLine=0
PointFontName=Wingdings

[Layer11]
Path=SINZA_PROFILE.SHP
Name=D:\SB2_16\DS_ref3.lit\FIXED\Sinza_profile.shp
Visible=0
Selectable=-1
InLegend=-1
Transparency=-999
MinScale=0
MaxScale=0
LineStyle=0
LineColor=FF
LineWidth=0
FillStyle=0
FillColor=FFFF
LabelScale=0
FontAngleBaseLine=0
FontAngleCharacters=0
FontBold=0
FontColor=0
FontItalic=0
FontName=Arial
FontSize=10
FontStrikethru=0
FontTransparent=-1
FontUnderline=0
LabelBorderFillStyle=0
LabelBorderFillColor=FFFF
LabelBorderLineStyle=0
LabelBorderLineColor=0
LabelBorderLineWidth=1
LabelBorderStyle=0
AvoidOverlap=0
PointStyle=71
PointLabelStyle=0
PointSize=0
PointCharacter=164
PointAngleBaseLine=0
PointFontName=Wingdings

[Layer12]
Path=CROSS_SECTIONS_LOCATIONS_SURVEY.SHP
Name=D:\SB2_16\DS_ref3.lit\FIXED\Cross_sections_locations_Survey.shp
Visible=0
Selectable=-1
InLegend=-1
Transparency=-999
MinScale=0
MaxScale=0
LineStyle=0
LineColor=0
LineWidth=0
FillStyle=0
FillColor=FF
LabelScale=0
FontAngleBaseLine=0
FontAngleCharacters=0
FontBold=0
FontColor=0
FontItalic=0
FontName=Arial
FontSize=10
FontStrikethru=0
FontTransparent=-1
FontUnderline=0
LabelBorderFillStyle=0
LabelBorderFillColor=FFFF
LabelBorderLineStyle=0
LabelBorderLineColor=0
LabelBorderLineWidth=1
LabelBorderStyle=0
AvoidOverlap=0
PointStyle=3
PointLabelStyle=0
PointSize=-12
PointCharacter=164
PointAngleBaseLine=0
PointFontName=Wingdings

