[Map]
Version=dmsMap 2.6.331
Window=-60,-345,20550,10140,-1
ZoomExtent=231399.44420413,820455.135584845,232313.217717971,820965.960361679
BorderStyle=0
Transparent=0
Text=Jakarta
ForeColor=0
BackColor=FFFFFF
FontName=MS Serif
FontSize=6
FontBold=0
FontItalic=0
FontUnderLine=0
FontStrikethru=0
UnitMeter=1
DataThematic=0

[Legend]
Visible=0
BorderStyle=1
Transparent=-2
Position=231399.44420413,820965.960361679
Text=
ForeColor=0
BackColor=FFFFFF
FontName=MS Serif
FontSize=6.75
FontBold=0
FontItalic=0
FontUnderLine=0
FontStrikethru=0

[Title]
Visible=0
BorderStyle=0
Transparent=0
Position=231399.44420413,820965.960361679
Text=Titel
ForeColor=0
BackColor=FFFFFF
FontName=Arial
FontSize=12
FontBold=0
FontItalic=0
FontUnderLine=0
FontStrikethru=0

[Info]
Visible=0
BorderStyle=0
Transparent=0
Position=231405.784349933,820878.842957878
Text=
ForeColor=0
BackColor=FFFFFF
FontName=Arial
FontSize=6
FontBold=0
FontItalic=0
FontUnderLine=0
FontStrikethru=0

[Layer1]
Path=.\GIS\CILIWUNG.JPG
Name=Ciliwung
Visible=-1
Selectable=0
InLegend=0
Transparency=-999
MinScale=0
MaxScale=0

[Layer2]
Path=.\GIS\BACKGROUND.JPG
Name=Jakarta
Visible=-1
Selectable=0
InLegend=0
Transparency=-999
MinScale=0
MaxScale=0

[Layer3]
Path=.\GIS\MANGGARAI.JPG
Name=Manggarai
Visible=-1
Selectable=0
InLegend=0
Transparency=-999
MinScale=0
MaxScale=0

[Layer4]
Path=.\GIS\WATERSHEDS_FEWS_DISSOLVED_20111223.SHP
Name=Catchment
Visible=-1
Selectable=-1
InLegend=-1
Transparency=-999
MinScale=0
MaxScale=0
LineStyle=0
LineColor=FF
LineWidth=0
FillStyle=1
FillColor=FFFF
LabelScale=0
FontAngleBaseLine=0
FontAngleCharacters=0
FontBold=0
FontColor=0
FontItalic=0
FontName=Arial
FontSize=10
FontStrikethru=0
FontTransparent=-1
FontUnderline=0
LabelBorderFillStyle=0
LabelBorderFillColor=FFFF
LabelBorderLineStyle=0
LabelBorderLineColor=0
LabelBorderLineWidth=1
LabelBorderStyle=0
AvoidOverlap=0
PointStyle=71
PointLabelStyle=0
PointSize=0
PointCharacter=164
PointAngleBaseLine=0
PointFontName=Wingdings

