[Map]
Version=dmsMap 2.6.331
Window=-60,-345,20550,10140,-1
ZoomExtent=210198.43193198,799127.373130162,259621.681644961,826756.342587766
BorderStyle=0
Transparent=-1
Text=
ForeColor=0
BackColor=FFFFFF
FontName=Arial
FontSize=8
FontBold=0
FontItalic=0
FontUnderLine=0
FontStrikethru=0
UnitMeter=0
DataThematic=0

[Legend]
Visible=0
BorderStyle=1
Transparent=-1
Position=210198.43193198,824871.57567903
Text=
ForeColor=80000008
BackColor=FFFFFF
FontName=Arial
FontSize=7.5
FontBold=0
FontItalic=0
FontUnderLine=0
FontStrikethru=0

[Title]
Visible=0
BorderStyle=0
Transparent=0
Position=216028.060692574,826413.657695269
Text=title
ForeColor=80000008
BackColor=FFFFFF
FontName=Arial
FontSize=12
FontBold=0
FontItalic=0
FontUnderLine=0
FontStrikethru=0

[Info]
Visible=0
BorderStyle=0
Transparent=0
Position=216028.060692574,825471.274240901
Text=title
ForeColor=80000008
BackColor=FFFFFF
FontName=Arial
FontSize=9
FontBold=0
FontItalic=0
FontUnderLine=0
FontStrikethru=0

[Layer1]
Path=Background.jpg
Name=
Visible=-1
Selectable=0
InLegend=0
Transparency=-999
MinScale=0
MaxScale=0

