[Map]
Version=dmsMap 2.6.331
Window=-60,-450,19260,10545,-1
ZoomExtent=69607.0759351491,4745531.5081525,845191.532986565,5228634.77220704
BorderStyle=0
Transparent=0
Text=The Netherlands
ForeColor=0
BackColor=FFFF80
FontName=MS Serif
FontSize=6
FontBold=0
FontItalic=0
FontUnderLine=0
FontStrikethru=0
UnitMeter=1
DataThematic=0

[Legend]
Visible=0
BorderStyle=1
Transparent=-2
Position=69607.0759351491,5228634.77220704
Text=
ForeColor=0
BackColor=FFFFFF
FontName=MS Serif
FontSize=6.75
FontBold=0
FontItalic=0
FontUnderLine=0
FontStrikethru=0

[Title]
Visible=0
BorderStyle=0
Transparent=0
Position=69607.0759351491,5228634.77220704
Text=Titel
ForeColor=0
BackColor=FFFFFF
FontName=Arial
FontSize=12
FontBold=0
FontItalic=0
FontUnderLine=0
FontStrikethru=0

[Info]
Visible=0
BorderStyle=0
Transparent=0
Position=73968.3755999181,5171243.55737951
Text=
ForeColor=0
BackColor=FFFFFF
FontName=Arial
FontSize=6
FontBold=0
FontItalic=0
FontUnderLine=0
FontStrikethru=0

[Layer1]
Path=HOOFDRIVIERENPOCATCHMENTSOBEK.JPG
Name=
Visible=-1
Selectable=0
InLegend=0
Transparency=-999
MinScale=0
MaxScale=0

[Layer2]
Path=..\..\..\1001968.003 PO\KAART\BACKGROUNDSOBEK.JPG
Name=
Visible=0
Selectable=0
InLegend=0
Transparency=-999
MinScale=0
MaxScale=0

[Layer3]
Path=..\..\..\1001968.003 PO\SOBEK model\Sbk_LConn_n.shp
Name=D:\1001968.003 PO\SOBEK model\Sbk_LConn_n.shp
Visible=0
Selectable=-1
InLegend=-1
Transparency=-999
MinScale=0
MaxScale=0
LineStyle=0
LineColor=0
LineWidth=0
FillStyle=0
FillColor=FF00
LabelScale=0
FontAngleBaseLine=0
FontAngleCharacters=0
FontBold=0
FontColor=0
FontItalic=0
FontName=Arial
FontSize=10
FontStrikethru=0
FontTransparent=-1
FontUnderline=0
LabelBorderFillStyle=0
LabelBorderFillColor=FFFF
LabelBorderLineStyle=0
LabelBorderLineColor=0
LabelBorderLineWidth=1
LabelBorderStyle=0
AvoidOverlap=0
PointStyle=1
PointLabelStyle=0
PointSize=-16
PointCharacter=164
PointAngleBaseLine=0
PointFontName=Wingdings

