  WQ Interface Messages File
 DIO Read ERROR:          203  :
 Could not open   for reading                                                   
  
                                                                                
                                                                                
                                                                                
                    
 DIO Read ERROR:          203  :
 Could not open   for reading                                                   
  
                                                                                
                                                                                
                                                                                
                    
segmnt(     1) =     1    2
segmnt(     2) =     3    1
segmnt(     3) =     4    3
segmnt(     4) =     7    1
segmnt(     5) =     8    1
segmnt(     6) =     9    1
segmnt(     7) =    10    2
strgar(     1) = [1_1                                     ]
strgar(     2) = [1_s2                                    ]
strgar(     3) = [1_2                                     ]
strgar(     4) = [1_3                                     ]
strgar(     5) = [1_s3                                    ]
strgar(     6) = [@L1                                     ]
strgar(     7) = [1_4                                     ]
strgar(     8) = [1_5                                     ]
strgar(     9) = [1_6                                     ]
strgar(    10) = [1_7                                     ]
strgar(    11) = [1_s1                                    ]
NOBJM                      :    14
NOBJ after reading segments:    11
Junction(1) 1_1                  PlayTyp PlayObj FromSeg   ToSeg FroPlay  ToPlay
                                       1      -3
                                       1       2
                                                       2       1       1       2
Junction(1) 1_2                  PlayTyp PlayObj FromSeg   ToSeg FroPlay  ToPlay
                                       1      -4
                                       1       3
                                                       3       2       1       2
Junction(1) 1_3                  PlayTyp PlayObj FromSeg   ToSeg FroPlay  ToPlay
                                       1      -7
                                       1       5
                                                       4       3       1       2
Junction(1) 1_4                  PlayTyp PlayObj FromSeg   ToSeg FroPlay  ToPlay
                                       1      -8
                                       1       7
                                                       5       4       1       2
Junction(1) 1_5                  PlayTyp PlayObj FromSeg   ToSeg FroPlay  ToPlay
                                       1      -9
                                       1       8
                                                       6       5       1       2
Junction(1) 1_6                  PlayTyp PlayObj FromSeg   ToSeg FroPlay  ToPlay
                                       1     -10
                                       1       9
                                                       7       6       1       2
Junction(3) 1                    PlayTyp PlayObj FromSeg   ToSeg FroPlay  ToPlay
                                       1      -1
                                       3      12
                                                      -1       1       2       1
Junction(3) 8                    PlayTyp PlayObj FromSeg   ToSeg FroPlay  ToPlay
                                       1      11
                                       3      13
                                                      -2       7       2       1
Junction(3) L1                   PlayTyp PlayObj FromSeg   ToSeg FroPlay  ToPlay
                                       3       6
                                                      -3       3       1       0
NOBJ after reading exchanges:    13
strgar(    12) = [@1                                      ]
strgar(    13) = [@8                                      ]
NOBJ after reading structures:    13
NOBJ after mapping locations:    13
NOTS                        :   577
 Evaporation correction flag:  T
  Min Volume read:   1.0000000E-03
 ChezyInStructureBranches=   50.00000    
 ChezyInNodeObjects=   50.00000    
