[Map]
Version=dmsMap 2.6.331
Window=-60,-450,21660,12105,-1
ZoomExtent=56445.1325993859,391099.354061852,76518.912917894,403674.120199384
BorderStyle=0
Transparent=-1
Text=
ForeColor=0
BackColor=FFFFFF
FontName=Arial
FontSize=8
FontBold=0
FontItalic=0
FontUnderLine=0
FontStrikethru=0
UnitMeter=0
DataThematic=0

[Legend]
Visible=0
BorderStyle=1
Transparent=-1
Position=56445.1325993859,402954.627728575
Text=
ForeColor=80000008
BackColor=FFFFFF
FontName=Arial
FontSize=7.5
FontBold=0
FontItalic=0
FontUnderLine=0
FontStrikethru=0

[Title]
Visible=0
BorderStyle=0
Transparent=0
Position=58670.0992850559,403543.303386509
Text=title
ForeColor=80000008
BackColor=FFFFFF
FontName=Arial
FontSize=12
FontBold=0
FontItalic=0
FontUnderLine=0
FontStrikethru=0

[Info]
Visible=0
BorderStyle=0
Transparent=0
Position=58670.0992850559,403183.557151105
Text=title
ForeColor=80000008
BackColor=FFFFFF
FontName=Arial
FontSize=9
FontBold=0
FontItalic=0
FontUnderLine=0
FontStrikethru=0

[Layer1]
Path=afwateringseenheden_GFE_TH_20090122.shp
Name=afwateringseenheden_GFE_TH_20090122.shp
Visible=-1
Selectable=-1
InLegend=-1
Transparency=-999
MinScale=0
MaxScale=0
LineStyle=0
LineColor=808080
LineWidth=0
FillStyle=1
FillColor=FFFF
LabelScale=0
FontAngleBaseLine=0
FontAngleCharacters=0
FontBold=0
FontColor=0
FontItalic=0
FontName=Arial
FontSize=10
FontStrikethru=0
FontTransparent=-1
FontUnderline=0
LabelBorderFillStyle=0
LabelBorderFillColor=FFFF
LabelBorderLineStyle=0
LabelBorderLineColor=0
LabelBorderLineWidth=1
LabelBorderStyle=0
AvoidOverlap=0
PointStyle=71
PointLabelStyle=0
PointSize=0
PointCharacter=164
PointAngleBaseLine=0
PointFontName=Wingdings

[Layer2]
Path=randen_afwateringsgebied.shp
Name=randen_afwateringsgebied.shp
Visible=-1
Selectable=-1
InLegend=-1
Transparency=-999
MinScale=0
MaxScale=0
LineStyle=0
LineColor=FF
LineWidth=-1
FillStyle=1
FillColor=FFFFFF
LabelScale=0
FontAngleBaseLine=0
FontAngleCharacters=0
FontBold=0
FontColor=0
FontItalic=0
FontName=Arial
FontSize=10
FontStrikethru=0
FontTransparent=-1
FontUnderline=0
LabelBorderFillStyle=0
LabelBorderFillColor=FFFF
LabelBorderLineStyle=0
LabelBorderLineColor=0
LabelBorderLineWidth=1
LabelBorderStyle=0
AvoidOverlap=0
PointStyle=71
PointLabelStyle=0
PointSize=0
PointCharacter=164
PointAngleBaseLine=0
PointFontName=Wingdings

