[Map]
Version=dmsMap 2.6.331
Window=-60,-450,21660,12105,-1
ZoomExtent=53278.7872872078,388755.766160365,79524.1486194251,405196.579784462
BorderStyle=0
Transparent=0
Text=The Netherlands
ForeColor=0
BackColor=FFFFFF
FontName=MS Serif
FontSize=6
FontBold=0
FontItalic=0
FontUnderLine=0
FontStrikethru=0
UnitMeter=1
DataThematic=0

[Legend]
Visible=0
BorderStyle=1
Transparent=-2
Position=53278.7872872078,405196.579784462
Text=
ForeColor=0
BackColor=FFFFFF
FontName=MS Serif
FontSize=6.75
FontBold=0
FontItalic=0
FontUnderLine=0
FontStrikethru=0

[Title]
Visible=0
BorderStyle=0
Transparent=0
Position=53278.7872872078,405196.579784462
Text=Titel
ForeColor=0
BackColor=FFFFFF
FontName=Arial
FontSize=12
FontBold=0
FontItalic=0
FontUnderLine=0
FontStrikethru=0

[Info]
Visible=0
BorderStyle=0
Transparent=0
Position=53428.5163249629,403251.047873158
Text=
ForeColor=0
BackColor=FFFFFF
FontName=Arial
FontSize=6
FontBold=0
FontItalic=0
FontUnderLine=0
FontStrikethru=0

[Layer1]
Path=afwateringseenheden_gfe_th_20090122.shp
Name=afwateringseenheden_GFE_TH_20090122.shp
Visible=-1
Selectable=-1
InLegend=-1
Transparency=-999
MinScale=0
MaxScale=0
LineStyle=0
LineColor=808080
LineWidth=-1
FillStyle=1
FillColor=FFFF
LabelScale=0
FontAngleBaseLine=0
FontAngleCharacters=0
FontBold=0
FontColor=0
FontItalic=0
FontName=Arial
FontSize=10
FontStrikethru=0
FontTransparent=-1
FontUnderline=0
LabelBorderFillStyle=0
LabelBorderFillColor=FFFF
LabelBorderLineStyle=0
LabelBorderLineColor=0
LabelBorderLineWidth=1
LabelBorderStyle=0
AvoidOverlap=0
PointStyle=71
PointLabelStyle=0
PointSize=0
PointCharacter=164
PointAngleBaseLine=0
PointFontName=Wingdings

[Layer2]
Path=tholen_afwatering.shp
Name=Tholen_afwatering.shp
Visible=-1
Selectable=-1
InLegend=-1
Transparency=-999
MinScale=0
MaxScale=0
LineStyle=0
LineColor=FF
LineWidth=-2
FillStyle=1
FillColor=C0C0C0
LabelScale=0
FontAngleBaseLine=0
FontAngleCharacters=0
FontBold=0
FontColor=0
FontItalic=0
FontName=Arial
FontSize=10
FontStrikethru=0
FontTransparent=-1
FontUnderline=0
LabelBorderFillStyle=0
LabelBorderFillColor=FFFF
LabelBorderLineStyle=0
LabelBorderLineColor=0
LabelBorderLineWidth=1
LabelBorderStyle=0
AvoidOverlap=0
PointStyle=71
PointLabelStyle=0
PointSize=0
PointCharacter=164
PointAngleBaseLine=0
PointFontName=Wingdings

