[Map]
Version=dmsMap 2.6.331
Window=-60,-450,25260,14295,-1
ZoomExtent=65516.778226229,401138.800239427,66306.137621427,401630.938361672
BorderStyle=0
Transparent=-1
Text=
ForeColor=0
BackColor=FFFFFF
FontName=Arial
FontSize=8
FontBold=0
FontItalic=0
FontUnderLine=0
FontStrikethru=0
UnitMeter=1
DataThematic=0

[Legend]
Visible=0
BorderStyle=1
Transparent=-2
Position=65516.778226229,401613.189117919
Text=
ForeColor=80000008
BackColor=FFFFFF
FontName=Arial
FontSize=7.5
FontBold=0
FontItalic=0
FontUnderLine=0
FontStrikethru=0

[Title]
Visible=-1
BorderStyle=1
Transparent=0
Position=65847.6957640932,401621.794811859
Text=Maximum fractie inlaatwater
ForeColor=80000008
BackColor=FFFFFF
FontName=Arial
FontSize=15.75
FontBold=0
FontItalic=0
FontUnderLine=0
FontStrikethru=0

[Info]
Visible=0
BorderStyle=0
Transparent=0
Position=65601.7944392088,401619.105532503
Text=title
ForeColor=80000008
BackColor=FFFFFF
FontName=Arial
FontSize=9
FontBold=0
FontItalic=0
FontUnderLine=0
FontStrikethru=0

[Layer1]
Path=SOBEKINUNDATIEKAART.JPG
Name=
Visible=0
Selectable=0
InLegend=0
Transparency=-999
MinScale=0
MaxScale=0

[Layer2]
Path=THOLENNBWT25INUNDATIEKAART.JPG
Name=
Visible=0
Selectable=0
InLegend=0
Transparency=-999
MinScale=0
MaxScale=0

[Layer3]
Path=THOLENSOBEKKAART.JPG
Name=
Visible=-1
Selectable=0
InLegend=0
Transparency=-999
MinScale=0
MaxScale=0

[Layer4]
Path=..\..\..\1203812 GGA THOLEN\NBW TOETSING\2E TOETSING NBW NA AANPASSINGEN\RESULTATEN DROOGLOOP\VERSCHILPP_PIRGROTERDAN20CM.JPG
Name=
Visible=0
Selectable=0
InLegend=0
Transparency=-999
MinScale=0
MaxScale=0

[Layer5]
Path=MEETPUNTENANEMAET_SELECTIE2009.SHP
Name=\SOBEK212\THOLEN.lit\FIXED\MeetpuntenAnemaet_selectie2009.shp
Visible=0
Selectable=0
InLegend=-1
Transparency=-999
MinScale=0
MaxScale=0
LineStyle=0
LineColor=0
LineWidth=0
FillStyle=0
FillColor=FF
LabelScale=0
FontAngleBaseLine=0
FontAngleCharacters=0
FontBold=0
FontColor=0
FontItalic=0
FontName=Arial
FontSize=10
FontStrikethru=0
FontTransparent=-1
FontUnderline=0
LabelBorderFillStyle=0
LabelBorderFillColor=FFFF
LabelBorderLineStyle=0
LabelBorderLineColor=0
LabelBorderLineWidth=1
LabelBorderStyle=0
AvoidOverlap=0
PointStyle=1
PointLabelStyle=65
PointSize=-12
PointCharacter=164
PointAngleBaseLine=0
PointFontName=Wingdings

[Layer6]
Path=MEETPUNTEN2009V2.SHP
Name=\SOBEK212\THOLEN.lit\FIXED\meetpunten2009v2.shp
Visible=0
Selectable=0
InLegend=-1
Transparency=-999
MinScale=0
MaxScale=0
LineStyle=0
LineColor=0
LineWidth=0
FillStyle=0
FillColor=FFFF
LabelScale=0
FontAngleBaseLine=0
FontAngleCharacters=0
FontBold=0
FontColor=0
FontItalic=0
FontName=Arial
FontSize=10
FontStrikethru=0
FontTransparent=-1
FontUnderline=0
LabelBorderFillStyle=0
LabelBorderFillColor=FFFF
LabelBorderLineStyle=0
LabelBorderLineColor=0
LabelBorderLineWidth=1
LabelBorderStyle=0
AvoidOverlap=0
PointStyle=71
PointLabelStyle=0
PointSize=0
PointCharacter=164
PointAngleBaseLine=0
PointFontName=Wingdings

[Layer7]
Path=THOLEN_AFWATERING.SHP
Name=\SOBEK212\THOLEN.lit\FIXED\Tholen_afwatering.shp
Visible=-1
Selectable=0
InLegend=-1
Transparency=-999
MinScale=0
MaxScale=0
LineStyle=0
LineColor=0
LineWidth=-2
FillStyle=1
FillColor=FFFF
LabelScale=0
FontAngleBaseLine=0
FontAngleCharacters=0
FontBold=0
FontColor=0
FontItalic=0
FontName=Arial
FontSize=10
FontStrikethru=0
FontTransparent=-1
FontUnderline=0
LabelBorderFillStyle=0
LabelBorderFillColor=FFFF
LabelBorderLineStyle=0
LabelBorderLineColor=0
LabelBorderLineWidth=1
LabelBorderStyle=0
AvoidOverlap=0
PointStyle=71
PointLabelStyle=0
PointSize=0
PointCharacter=164
PointAngleBaseLine=0
PointFontName=Wingdings

[Layer8]
Path=..\..\..\1203812 GGA THOLEN\GIS\PIDSTUWEN.SHP
Name=D:\1203812 GGA Tholen\GIS\PIDstuwen.shp
Visible=-1
Selectable=0
InLegend=-1
Transparency=-999
MinScale=0
MaxScale=0
LineStyle=0
LineColor=0
LineWidth=-3
FillStyle=0
FillColor=FF00FF
LabelScale=0
FontAngleBaseLine=0
FontAngleCharacters=0
FontBold=0
FontColor=0
FontItalic=0
FontName=Arial
FontSize=10
FontStrikethru=0
FontTransparent=-1
FontUnderline=0
LabelBorderFillStyle=0
LabelBorderFillColor=FFFF
LabelBorderLineStyle=0
LabelBorderLineColor=0
LabelBorderLineWidth=1
LabelBorderStyle=0
AvoidOverlap=0
PointStyle=71
PointLabelStyle=0
PointSize=-24
PointCharacter=164
PointAngleBaseLine=0
PointFontName=Wingdings

[Layer9]
Path=..\..\..\1203812 GGA THOLEN\GIS\GESPLITSTE_GFE.SHP
Name=D:\1203812 GGA Tholen\GIS\gesplitste_GFE.shp
Visible=0
Selectable=-1
InLegend=-1
Transparency=-999
MinScale=0
MaxScale=0
LineStyle=0
LineColor=FF
LineWidth=0
FillStyle=0
FillColor=FFFF
LabelScale=0
FontAngleBaseLine=0
FontAngleCharacters=0
FontBold=0
FontColor=0
FontItalic=0
FontName=Arial
FontSize=10
FontStrikethru=0
FontTransparent=-1
FontUnderline=0
LabelBorderFillStyle=0
LabelBorderFillColor=FFFF
LabelBorderLineStyle=0
LabelBorderLineColor=0
LabelBorderLineWidth=1
LabelBorderStyle=0
AvoidOverlap=0
PointStyle=71
PointLabelStyle=0
PointSize=0
PointCharacter=164
PointAngleBaseLine=0
PointFontName=Wingdings

[Layer10]
Path=AFWATERINGSEENHEDEN_GFE_TH_20090122.SHP
Name=\SOBEK212\THOLEN.lit\FIXED\afwateringseenheden_GFE_TH_20090122.shp
Visible=0
Selectable=0
InLegend=-1
Transparency=-999
MinScale=0
MaxScale=0
LineStyle=0
LineColor=FF00
LineWidth=-1
FillStyle=1
FillColor=FFFF
LabelScale=0
FontAngleBaseLine=0
FontAngleCharacters=0
FontBold=0
FontColor=FF00
FontItalic=0
FontName=Arial
FontSize=10
FontStrikethru=0
FontTransparent=-1
FontUnderline=0
LabelBorderFillStyle=0
LabelBorderFillColor=FFFF
LabelBorderLineStyle=0
LabelBorderLineColor=0
LabelBorderLineWidth=1
LabelBorderStyle=0
AvoidOverlap=0
PointStyle=71
PointLabelStyle=64
PointSize=0
PointCharacter=164
PointAngleBaseLine=0
PointFontName=Wingdings

[Layer11]
Path=..\..\..\1203812 GGA THOLEN\GIS\INPRIKPUNTEN_OPGESPLITSTEGFE.SHP
Name=D:\1203812 GGA Tholen\GIS\inprikpunten_opgesplitsteGFE.shp
Visible=0
Selectable=-1
InLegend=-1
Transparency=-999
MinScale=0
MaxScale=0
LineStyle=0
LineColor=FF
LineWidth=0
FillStyle=0
FillColor=FF0080
LabelScale=0
FontAngleBaseLine=0
FontAngleCharacters=0
FontBold=0
FontColor=0
FontItalic=0
FontName=Arial
FontSize=10
FontStrikethru=0
FontTransparent=-1
FontUnderline=0
LabelBorderFillStyle=0
LabelBorderFillColor=FFFF
LabelBorderLineStyle=0
LabelBorderLineColor=0
LabelBorderLineWidth=1
LabelBorderStyle=0
AvoidOverlap=0
PointStyle=1
PointLabelStyle=66
PointSize=-12
PointCharacter=164
PointAngleBaseLine=0
PointFontName=Wingdings

[Layer12]
Path=..\..\..\1203812 GGA Tholen\GIS\Gewijzigde_PPGGOR20111214.shp
Name=D:\1203812 GGA Tholen\GIS\Gewijzigde_PPGGOR20111214.shp
Visible=-1
Selectable=-1
InLegend=-1
Transparency=-999
MinScale=0
MaxScale=0
LineStyle=0
LineColor=0
LineWidth=0
FillStyle=0
FillColor=FFFF
LabelScale=0
FontAngleBaseLine=0
FontAngleCharacters=0
FontBold=0
FontColor=0
FontItalic=0
FontName=Arial
FontSize=8
FontStrikethru=0
FontTransparent=-1
FontUnderline=0
LabelBorderFillStyle=0
LabelBorderFillColor=FFFF
LabelBorderLineStyle=0
LabelBorderLineColor=0
LabelBorderLineWidth=1
LabelBorderStyle=0
AvoidOverlap=0
PointStyle=71
PointLabelStyle=66
PointSize=0
PointCharacter=164
PointAngleBaseLine=0
PointFontName=Wingdings

