[Map]
Version=dmsMap 2.6.331
Window=-60,-450,19260,13905,-1
ZoomExtent=57876.3380818845,390237.806898597,75040.211116419,404535.667362637
BorderStyle=0
Transparent=-1
Text=
ForeColor=0
BackColor=FFFFFF
FontName=Arial
FontSize=8
FontBold=0
FontItalic=0
FontUnderLine=0
FontStrikethru=0
UnitMeter=0
DataThematic=0

[Legend]
Visible=0
BorderStyle=1
Transparent=-1
Position=57876.3380818845,403828.011726622
Text=
ForeColor=80000008
BackColor=FFFFFF
FontName=Arial
FontSize=7.5
FontBold=0
FontItalic=0
FontUnderLine=0
FontStrikethru=0

[Title]
Visible=0
BorderStyle=0
Transparent=0
Position=60064.048234365,404407.002701544
Text=title
ForeColor=80000008
BackColor=FFFFFF
FontName=Arial
FontSize=12
FontBold=0
FontItalic=0
FontUnderLine=0
FontStrikethru=0

[Info]
Visible=0
BorderStyle=0
Transparent=0
Position=60064.048234365,404053.174883536
Text=title
ForeColor=80000008
BackColor=FFFFFF
FontName=Arial
FontSize=9
FontBold=0
FontItalic=0
FontUnderLine=0
FontStrikethru=0

[Layer1]
Path=TholenSOBEKkaart.jpg
Name=
Visible=-1
Selectable=0
InLegend=0
Transparency=-999
MinScale=0
MaxScale=0

[Layer2]
Path=Tholen_afwatering.shp
Name=D:\Sobek212\THOL1_9.lit\FIXED\Tholen_afwatering.shp
Visible=-1
Selectable=-1
InLegend=-1
Transparency=-999
MinScale=0
MaxScale=0
LineStyle=0
LineColor=0
LineWidth=-2
FillStyle=1
FillColor=FFFF
LabelScale=0
FontAngleBaseLine=0
FontAngleCharacters=0
FontBold=0
FontColor=0
FontItalic=0
FontName=Arial
FontSize=10
FontStrikethru=0
FontTransparent=-1
FontUnderline=0
LabelBorderFillStyle=0
LabelBorderFillColor=FFFF
LabelBorderLineStyle=0
LabelBorderLineColor=0
LabelBorderLineWidth=1
LabelBorderStyle=0
AvoidOverlap=0
PointStyle=71
PointLabelStyle=0
PointSize=0
PointCharacter=164
PointAngleBaseLine=0
PointFontName=Wingdings

[Layer3]
Path=afwateringseenheden_GFE_TH_20090122.shp
Name=D:\Sobek212\THOL1_9.lit\FIXED\afwateringseenheden_GFE_TH_20090122.shp
Visible=-1
Selectable=-1
InLegend=-1
Transparency=-999
MinScale=0
MaxScale=0
LineStyle=0
LineColor=FF00
LineWidth=0
FillStyle=1
FillColor=FFFF
LabelScale=0
FontAngleBaseLine=0
FontAngleCharacters=0
FontBold=0
FontColor=0
FontItalic=0
FontName=Arial
FontSize=10
FontStrikethru=0
FontTransparent=-1
FontUnderline=0
LabelBorderFillStyle=0
LabelBorderFillColor=FFFF
LabelBorderLineStyle=0
LabelBorderLineColor=0
LabelBorderLineWidth=1
LabelBorderStyle=0
AvoidOverlap=0
PointStyle=71
PointLabelStyle=0
PointSize=0
PointCharacter=164
PointAngleBaseLine=0
PointFontName=Wingdings

