  WQ Interface Messages File
 DIO Read ERROR:          203  :
 Could not open   for reading                                                   
  
                                                                                
                                                                                
                                                                                
                    
 DIO Read ERROR:          203  :
 Could not open   for reading                                                   
  
                                                                                
                                                                                
                                                                                
                    
segmnt(     1) =     1    1
segmnt(     2) =     2    1
segmnt(     3) =     3    1
segmnt(     4) =     4    1
segmnt(     5) =     5    1
segmnt(     6) =     6    1
segmnt(     7) =     7    2
segmnt(     8) =     9    2
segmnt(     9) =    11    1
segmnt(    10) =    12    1
segmnt(    11) =    13    2
segmnt(    12) =    15    1
segmnt(    13) =    16    1
strgar(     1) = [1_1                                     ]
strgar(     2) = [1_2                                     ]
strgar(     3) = [1_3                                     ]
strgar(     4) = [1_4                                     ]
strgar(     5) = [1_5                                     ]
strgar(     6) = [1_6                                     ]
strgar(     7) = [1_7                                     ]
strgar(     8) = [1_s3                                    ]
strgar(     9) = [2_1                                     ]
strgar(    10) = [2_s2                                    ]
strgar(    11) = [2_2                                     ]
strgar(    12) = [2_3                                     ]
strgar(    13) = [3_1                                     ]
strgar(    14) = [3_s1                                    ]
strgar(    15) = [3_2                                     ]
strgar(    16) = [3_3                                     ]
NOBJM                      :    35
NOBJ after reading segments:    16
Junction(1) 1_1                  PlayTyp PlayObj FromSeg   ToSeg FroPlay  ToPlay
                                       1      -2
                                       1       1
                                                       2       1       1       2
Junction(1) 1_2                  PlayTyp PlayObj FromSeg   ToSeg FroPlay  ToPlay
                                       1      -3
                                       1       2
                                                       3       2       1       2
Junction(1) 1_3                  PlayTyp PlayObj FromSeg   ToSeg FroPlay  ToPlay
                                       1      -4
                                       1       3
                                                       4       3       1       2
Junction(1) 1_4                  PlayTyp PlayObj FromSeg   ToSeg FroPlay  ToPlay
                                       1      -5
                                       1       4
                                                       5       4       1       2
Junction(1) 1_5                  PlayTyp PlayObj FromSeg   ToSeg FroPlay  ToPlay
                                       1      -6
                                       1       5
                                                       6       5       1       2
Junction(1) 1_6                  PlayTyp PlayObj FromSeg   ToSeg FroPlay  ToPlay
                                       1      -7
                                       1       6
                                                       7       6       1       2
Junction(1) 8                    PlayTyp PlayObj FromSeg   ToSeg FroPlay  ToPlay
                                       1      -9
                                       1     -13
                                       1       8
                                                       8      11       1       2
                                                       8       7       1       3
                                                      11       7       2       3
Junction(1) 2_1                  PlayTyp PlayObj FromSeg   ToSeg FroPlay  ToPlay
                                       1     -11
                                       1      10
                                                       9       8       1       2
Junction(1) 2_2                  PlayTyp PlayObj FromSeg   ToSeg FroPlay  ToPlay
                                       1     -12
                                       1      11
                                                      10       9       1       2
Junction(1) 3_1                  PlayTyp PlayObj FromSeg   ToSeg FroPlay  ToPlay
                                       1     -15
                                       1      14
                                                      12      11       1       2
Junction(1) 3_2                  PlayTyp PlayObj FromSeg   ToSeg FroPlay  ToPlay
                                       1     -16
                                       1      15
                                                      13      12       1       2
Junction(2) 1_1                  PlayTyp PlayObj FromSeg   ToSeg FroPlay  ToPlay
                                       3       1
                                                      -1       1       1       0
Junction(2) 1_2                  PlayTyp PlayObj FromSeg   ToSeg FroPlay  ToPlay
                                       3       2
                                                      -2       2       1       0
Junction(2) 1_3                  PlayTyp PlayObj FromSeg   ToSeg FroPlay  ToPlay
                                       3       3
                                                      -3       3       1       0
Junction(2) 1_4                  PlayTyp PlayObj FromSeg   ToSeg FroPlay  ToPlay
                                       3       4
                                                      -4       4       1       0
Junction(2) 1_5                  PlayTyp PlayObj FromSeg   ToSeg FroPlay  ToPlay
                                       3       5
                                                      -5       5       1       0
Junction(2) 1_6                  PlayTyp PlayObj FromSeg   ToSeg FroPlay  ToPlay
                                       3       6
                                                      -6       6       1       0
Junction(2) 1_7                  PlayTyp PlayObj FromSeg   ToSeg FroPlay  ToPlay
                                       3       7
                                                      -7       7       1       0
Junction(2) 1_s3                 PlayTyp PlayObj FromSeg   ToSeg FroPlay  ToPlay
                                       3       8
                                                      -8       7       1       0
Junction(2) 2_1                  PlayTyp PlayObj FromSeg   ToSeg FroPlay  ToPlay
                                       3       9
                                                      -9       8       1       0
Junction(2) 2_s2                 PlayTyp PlayObj FromSeg   ToSeg FroPlay  ToPlay
                                       3      10
                                                     -10       8       1       0
Junction(2) 2_2                  PlayTyp PlayObj FromSeg   ToSeg FroPlay  ToPlay
                                       3      11
                                                     -11       9       1       0
Junction(2) 2_3                  PlayTyp PlayObj FromSeg   ToSeg FroPlay  ToPlay
                                       3      12
                                                     -12      10       1       0
Junction(2) 3_1                  PlayTyp PlayObj FromSeg   ToSeg FroPlay  ToPlay
                                       3      13
                                                     -13      11       1       0
Junction(2) 3_s1                 PlayTyp PlayObj FromSeg   ToSeg FroPlay  ToPlay
                                       3      14
                                                     -14      11       1       0
Junction(2) 3_2                  PlayTyp PlayObj FromSeg   ToSeg FroPlay  ToPlay
                                       3      15
                                                     -15      12       1       0
Junction(2) 3_3                  PlayTyp PlayObj FromSeg   ToSeg FroPlay  ToPlay
                                       3      16
                                                     -16      13       1       0
Junction(3) 1                    PlayTyp PlayObj FromSeg   ToSeg FroPlay  ToPlay
                                       1      -1
                                       3      17
                                                     -17       1       2       1
Junction(3) 11                   PlayTyp PlayObj FromSeg   ToSeg FroPlay  ToPlay
                                       1      12
                                       3      18
                                                     -18      10       2       1
Junction(3) 14                   PlayTyp PlayObj FromSeg   ToSeg FroPlay  ToPlay
                                       1      16
                                       3      19
                                                     -19      13       2       1
NOBJ after reading exchanges:    19
strgar(    17) = [@1                                      ]
strgar(    18) = [@11                                     ]
strgar(    19) = [@14                                     ]
NOBJ after reading structures:    19
NOBJ after mapping locations:    19
NOTS                        :   577
 Evaporation correction flag:  T
  Min Volume read:   1.0000000E-03
 ChezyInStructureBranches=   50.00000    
 ChezyInNodeObjects=   50.00000    
