  WQ Interface Messages File
 DIO Read ERROR:          203  :
 Could not open   for reading                                                   
  
                                                                                
                                                                                
                                                                                
                    
 DIO Read ERROR:          203  :
 Could not open   for reading                                                   
  
                                                                                
                                                                                
                                                                                
                    
segmnt(     1) =     1    5
segmnt(     2) =     6    3
segmnt(     3) =     9    3
segmnt(     4) =    12    3
segmnt(     5) =    15    3
segmnt(     6) =    18    3
segmnt(     7) =    21    3
segmnt(     8) =    24    5
strgar(     1) = [R_1_1                                   ]
strgar(     2) = [1                                       ]
strgar(     3) = [R_1_2                                   ]
strgar(     4) = [R_1_3                                   ]
strgar(     5) = [@1                                      ]
strgar(     6) = [R_2_1                                   ]
strgar(     7) = [R_2_2                                   ]
strgar(     8) = [R_2_3                                   ]
strgar(     9) = [R_3_1                                   ]
strgar(    10) = [R_3_2                                   ]
strgar(    11) = [R_3_3                                   ]
strgar(    12) = [R_4_1                                   ]
strgar(    13) = [R_4_2                                   ]
strgar(    14) = [R_4_3                                   ]
strgar(    15) = [R_5_1                                   ]
strgar(    16) = [R_5_2                                   ]
strgar(    17) = [R_5_3                                   ]
strgar(    18) = [R_6_1                                   ]
strgar(    19) = [R_6_2                                   ]
strgar(    20) = [R_6_3                                   ]
strgar(    21) = [R_7_1                                   ]
strgar(    22) = [R_7_2                                   ]
strgar(    23) = [R_7_3                                   ]
strgar(    24) = [R_8_1                                   ]
strgar(    25) = [R_8_2                                   ]
strgar(    26) = [R_8_3                                   ]
strgar(    27) = [2                                       ]
strgar(    28) = [@2                                      ]
NOBJM                      :    41
NOBJ after reading segments:    28
Junction(1) NOD00001             PlayTyp PlayObj FromSeg   ToSeg FroPlay  ToPlay
                                       1      -6
                                       1       4
                                                       2       1       1       2
Junction(1) NOD00002             PlayTyp PlayObj FromSeg   ToSeg FroPlay  ToPlay
                                       1      -9
                                       1       8
                                                       3       2       1       2
Junction(1) NOD00003             PlayTyp PlayObj FromSeg   ToSeg FroPlay  ToPlay
                                       1     -12
                                       1      11
                                                       4       3       1       2
Junction(1) NOD00004             PlayTyp PlayObj FromSeg   ToSeg FroPlay  ToPlay
                                       1     -15
                                       1      14
                                                       5       4       1       2
Junction(1) NOD00005             PlayTyp PlayObj FromSeg   ToSeg FroPlay  ToPlay
                                       1     -18
                                       1      17
                                                       6       5       1       2
Junction(1) NOD00006             PlayTyp PlayObj FromSeg   ToSeg FroPlay  ToPlay
                                       1     -21
                                       1      20
                                                       7       6       1       2
Junction(1) NOD00007             PlayTyp PlayObj FromSeg   ToSeg FroPlay  ToPlay
                                       1     -24
                                       1      23
                                                       8       7       1       2
Junction(1) P_4_2                PlayTyp PlayObj FromSeg   ToSeg FroPlay  ToPlay
                                       1     -14
                                       1      29
                                                      -1       4       2       1
Junction(1) obs_1                PlayTyp PlayObj FromSeg   ToSeg FroPlay  ToPlay
                                       1      13
                                       1     -29
                                                      -2       4       2       1
Junction(3) 1                    PlayTyp PlayObj FromSeg   ToSeg FroPlay  ToPlay
                                       3       5
                                                      -3       1       1       0
Junction(3) 2                    PlayTyp PlayObj FromSeg   ToSeg FroPlay  ToPlay
                                       3      28
                                                      -4       8       1       0
NOBJ after reading exchanges:    29
strgar(    29) = [3                                       ]
NOBJ after reading structures:    29
NOBJ after mapping locations:    29
NOTS                        :    53
 ChezyInStructureBranches=   50.00000    
 ChezyInNodeObjects=   50.00000    
Substance  1: CWTOT               g/m       
Substance  2: POCW                g/m       
Substance  3: SSW                 g/m       
Substance  4: DOCW                g/m       
Substance  5: AOCW                g/M       
Substance  6: DOCB                g/m       
Substance  7: POCB                g/m       
Substance  8: DOCSUB              g/m       
Substance  9: POCSUB              g/m       
Substance 10: CBTOT               g/m       
Substance 11: CSUBT               g/m       
Hor. Surfaces used to scale initial conditions:
surfi(   1)=    1750.0
surfi(   2)=    1750.0
surfi(   3)=    1750.0
surfi(   4)=    1750.0
surfi(   5)=    1750.0
surfi(   6)=    1750.0
surfi(   7)=    1750.0
surfi(   8)=    1750.0
  Min Volume read:   1.0000000E-03
